// 重构日志: 33ccae3e
// 重构日志: 6dea685e
// 重构日志: de0bddf6
// 重构日志: 0e42c7ce
// 重构日志: 9e55adf8
// 同步 ID: 8504470b @ Sat Jul 25 09:08:52 UTC 2026
// 重构日志: 36abbec0
// 同步 ID: 1ef75a58 @ Sat Jul 25 22:32:42 UTC 2026
// 重构日志: 2bd71d0a
// 重构日志: d26c584a
// 重构日志: 1982ccb8
// 同步 ID: 6838c5a1 @ Sun Jul 26 16:54:48 UTC 2026
// 重构日志: 68467787
// 重构日志: dd819486
// 重构日志: 4f500ba1
// 重构日志: 86a29e3d
// 同步 ID: cd38d1bd @ Wed Jul 29 03:49:18 UTC 2026
// 重构日志: 8f8d66e1
// 重构日志: df37cdc4
// 重构日志: 2e511797
// 重构日志: f685d54d
// 同步 ID: b474ff4a @ Tue Aug  4 03:29:38 UTC 2026
// 重构日志: 05470fe5
// 重构日志: 616580bc
// 重构日志: c4efdf52
// 重构日志: 69902b45
// 重构日志: 82dcb8ba
// 重构日志: 5cead3f0
// 同步 ID: 8d960d16 @ Sat Aug  8 08:56:27 UTC 2026
// 同步 ID: c762c71c @ Sat Aug  8 13:37:21 UTC 2026
